Clean started: Project: 'BMS_V1'
   deleting intermediate output files for target 'BMS_V1'
Clean done
Rebuild started: Project: BMS_V1
*** Using Compiler 'V5.06 update 7 (build 960)', folder: 'D:\Keil_v5\ARM\Version5.06\Bin'
Rebuild target 'BMS_V1'
compiling bms_data.c...
compiling bms_health.c...
compiling bms_policy.c...
compiling main.c...
compiling bms_state.c...
compiling bms_recovery.c...
assembling startup_stm32f10x_md.s...
compiling bms_sample.c...
compiling crc8_bq76940.c...
compiling bms_ntc.c...
compiling bms_fault.c...
compiling bq76940_measurement.c...
compiling bsp_gpio.c...
compiling soft_i2c.c...
compiling bms_afe_startup.c...
compiling bq76940.c...
compiling bq76940_control.c...
compiling bsp_timer.c...
compiling system_stm32f10x.c...
compiling bms_fet_manager.c...
compiling bms_hw_recovery.c...
compiling stm32f10x_gpio.c...
compiling stm32f10x_rcc.c...
compiling bsp_exti.c...
compiling bms_protect.c...
compiling stm32f10x_exti.c...
compiling misc.c...
compiling bsp_clock.c...
compiling bsp_iwdg.c...
compiling queue.c...
compiling croutine.c...
compiling list.c...
compiling event_groups.c...
compiling tasks.c...
compiling heap_4.c...
compiling timers.c...
compiling stm32f10x_tim.c...
compiling stream_buffer.c...
compiling core_cm3.c...
compiling app_rtos_hooks.c...
compiling app_rtos.c...
compiling port.c...
linking...
Program Size: Code=39512 RO-data=876 RW-data=324 ZI-data=11052  
FromELF: creating hex file...
".\Objects\BMS_V1.axf" - 0 Error(s), 0 Warning(s).
Build Time Elapsed:  00:00:03
