Clean started: Project: 'BMS_V1'
   deleting intermediate output files for target 'BMS_V1'
Clean done
Rebuild started: Project: BMS_V1
*** Using Compiler 'V5.06 update 7 (build 960)', folder: 'D:\Keil_v5\ARM\Version5.06\Bin'
Rebuild target 'BMS_V1'
compiling main.c...
assembling startup_stm32f10x_md.s...
compiling crc8_bq76940.c...
compiling soft_i2c.c...
compiling bms_data.c...
compiling bms_fault.c...
compiling bsp_clock.c...
compiling stm32f10x_rcc.c...
compiling bsp_timer.c...
compiling system_stm32f10x.c...
compiling stm32f10x_tim.c...
compiling bsp_gpio.c...
compiling stm32f10x_gpio.c...
compiling core_cm3.c...
linking...
Program Size: Code=3084 RO-data=268 RW-data=24 ZI-data=1896  
FromELF: creating hex file...
".\Objects\BMS_V1.axf" - 0 Error(s), 0 Warning(s).
Build Time Elapsed:  00:00:01
